         448         512           8         256        3584         512           0
         151         276         215         275         213         273         232         272         221
         145         215         231         214         385         232         230         217         384
         149         275         213         271         212         272         221         270         220
         147         385         407         214         406         384         405         217         404
         149         271         212         403         402         270         220         400         399
         179         260         259         409         258         257         256         408         255
         174         259         233         236         234         256         249         235         241
         177         409         258         421         254         408         255         419         253
         173         234         240         236         389         241         239         235         388
         219         288         421         287         420         294         419         293         418
         199         283         304         285         300         282         303         284         299
         217         304         417         292         288         303         416         291         294
         201         285         300         278         302         284         299         280         301
         215         292         340         302         338         291         337         301         335
         200         348         278         334         333         346         280         332         331
         247         415         351         414         308         413         350         412         307
         249         351         349         314         348         350         347         313         346
         242         414         308         411         306         412         307         410         311
         242         314         322         306         321         313         320         311         319
         243         411         306         318         321         410         311         317         319
         144         229         231         276         215         228         230         273         232
         151         213         215         212         214         221         232         220         217
         148         214         406         212         402         217         404         220         399
         179         387         260         417         409         386         257         416         408
         217         417         409         288         421         416         408         294         419
         170         421         254         420         393         419         253         418         392
         234         407         345         406         344         405         343         404         342
         227         403         402         401         305         400         399         398         341
         169         240         397         389         396         239         395         388         394
         219         287         420         345         344         293         418         343         342
         226         340         339         338         305         337         336         335         341
         229         334         333         397         396         332         331         395         394
         225         322         401         321         305         320         398         319         341
         235         318         321         339         305         317         319         336         341
         234         406         344         402         305         404         342         399         341
         233         420         393         344         305         418         392         342         341
         175         277         276         233         275         274         273         249         272
         174         233         275         234         271         249         272         241         270
         173         234         271         240         403         241         270         239         400
         203         391         349         415         351         390         347         413         350
         247         308         351         306         314         307         350         311         313
         250         348         334         314         322         346         332         313         320
         135         383         229         277         276         382         228         274         273
         165         240         403         397         401         239         400         395         398
         250         334         397         322         401         332         395         320         398
         175         277         233         260         259         274         249         257         256
         171         258         259         254         236         255         256         253         235
         168         236         389         254         393         235         388         253         392
         203         391         283         349         285         390         282         347         284
         202         349         285         348         278         347         284         346         280
         201         278         302         333         338         280         301         331         335
         182         383         277         387         260         382         274         386         257
         226         389         396         393         305         388         394         392         341
         227         333         338         396         305         331         335         394         341
         199         387         417         283         304         386         416         282         303
         214         300         304         302         292         299         303         301         291
         218         288         287         292         340         294         293         291         337
         131         229         415         231         414         228         413         230         412
         145         231         414         385         411         230         412         384         410
         243         385         411         407         318         384         410         405         317
         218         287         345         340         339         293         343         337         336
         235         407         318         345         339         405         317         343         336
         131         383         391         229         415         382         390         228         413
         198         383         387         391         283         382         386         390         282
         150         273         232         272         221         267         227         266         219
         146         232         230         217         384         227         226         216         358
         153         272         221         270         220         266         219         265         218
         147         384         405         217         404         358         371         216         370
         157         270         220         400         399         265         218         368         367
         178         257         256         408         255         242         252         372         251
         172         256         249         235         241         252         269         246         238
         177         408         255         419         253         372         251         380         250
         169         241         239         235         388         238         237         246         360
         221         294         419         293         418         381         380         290         379
         195         282         303         284         299         378         298         281         296
         211         303         416         291         294         298         377         286         381
         207         284         299         280         301         281         296         279         297
         213         291         337         301         335         286         289         297         323
         207         346         280         332         331         328         279         326         325
         246         413         350         412         307         376         330         375         309
         249         350         347         313         346         330         329         312         328
         245         412         307         410         311         375         309         374         310
         251         313         320         311         319         312         316         310         315
         241         410         311         317         319         374         310         373         315
         134         228         230         273         232         211         226         267         227
         150         221         232         220         217         219         227         218         216
         159         217         404         220         399         216         370         218         367
         178         386         257         416         408         359         242         377         372
         216         416         408         294         419         377         372         381         380
         176         419         253         418         392         380         250         379         362
         238         405         343         404         342         371         327         370         369
         224         400         399         398         341         368         367         366         365
         167         239         395         388         394         237         364         360         363
         221         293         418         343         342         290         379         327         369
         213         337         336         335         341         289         324         323         365
         229         332         331         395         394         326         325         364         363
         225         320         398         319         341         316         366         315         365
         239         317         319         336         341         373         315         324         365
         232         404         342         399         341         370         369         367         365
         233         418         392         342         341         379         362         369         365
         161         274         273         249         272         268         267         269         266
         161         249         272         241         270         269         266         238         265
         164         241         270         239         400         238         265         237         368
         197         390         347         413         350         361         329         376         330
         246         307         350         311         313         309         330         310         312
         248         346         332         313         320         328         326         312         316
         135         382         228         274         273         357         211         268         267
         165         239         400         395         398         237         368         364         366
         251         332         395         320         398         326         364         316         366
         183         274         249         257         256         268         269         242         252
         171         255         256         253         235         251         252         250         246
         170         235         388         253         392         246         360         250         362
         196         390         282         347         284         361         378         329         281
         202         347         284         346         280         329         281         328         279
         206         280         301         331         335         279         297         325         323
         182         382         274         386         257         357         268         359         242
         231         388         394         392         341         360         363         362         365
         228         331         335         394         341         325         323         363         365
         195         386         416         282         303         359         377         378         298
         214         299         303         301         291         296         298         297         286
         215         294         293         291         337         381         290         286         289
         130         228         413         230         412         211         376         226         375
         146         230         412         384         410         226         375         358         374
         240         384         410         405         317         358         374         371         373
         220         293         343         337         336         290         327         289         324
         239         405         317         343         336         371         373         327         324
         130         382         390         228         413         357         361         211         376
         198         382         386         390         282         357         359         361         378
         152         267         227         266         219         225         224         263         223
         155         227         226         216         358         224         222         512         511
         153         266         219         265         218         263         223         510         509
         159         358         371         216         370         511         508         512         507
         157         265         218         368         367         510         509         506         505
         181         242         252         372         251         243         248         245         244
         163         252         269         246         238         248         264         504         503
         189         372         251         380         250         245         244         502         247
         162         238         237         246         360         503         501         504         500
         223         381         380         290         379         499         502         498         497
         194         378         298         281         296         496         295         495         494
         211         298         377         286         381         295         356         493         499
         205         281         296         279         297         495         494         492         491
         210         286         289         297         323         493         490         491         489
         204         328         279         326         325         488         492         487         486
         244         376         330         375         309         355         485         354         353
         253         330         329         312         328         485         484         483         488
         245         375         309         374         310         354         353         482         481
         255         312         316         310         315         483         480         481         479
         241         374         310         373         315         482         481         478         479
         134         211         226         267         227         210         222         225         224
         155         219         227         218         216         223         224         509         512
         158         216         370         218         367         512         507         509         505
         180         359         242         377         372         352         243         356         245
         188         377         372         381         380         356         245         499         502
         190         380         250         379         362         502         247         497         477
         237         371         327         370         369         508         476         507         475
         156         368         367         366         365         506         505         474         473
         166         237         364         360         363         501         472         500         471
         223         290         379         327         369         498         497         476         475
         212         289         324         323         365         490         470         489         473
         230         326         325         364         363         487         486         472         471
         255         316         366         315         365         480         474         479         473
         236         373         315         324         365         478         479         470         473
         158         370         369         367         365         507         475         505         473
         237         379         362         369         365         497         477         475         473
         133         268         267         269         266         262         225         264         263
         160         269         266         238         265         264         263         503         510
         162         238         265         237         368         503         510         501         506
         197         361         329         376         330         469         484         355         485
         253         309         330         310         312         353         485         481         483
         254         328         326         312         316         488         487         483         480
         132         357         211         268         267         261         210         262         225
         167         237         368         364         366         501         506         472         474
         254         326         364         316         366         487         472         480         474
         181         268         269         242         252         262         264         243         248
         190         251         252         250         246         244         248         247         504
         166         246         360         250         362         504         500         247         477
         193         361         378         329         281         469         496         484         495
         205         329         281         328         279         484         495         488         492
         206         279         297         325         323         492         491         486         489
         183         357         268         359         242         261         262         352         243
         231         360         363         362         365         500         471         477         473
         230         325         323         363         365         486         489         471         473
         194         359         377         378         298         352         356         496         295
         209         296         298         297         286         494         295         491         493
         210         381         290         286         289         499         498         493         490
         141         211         376         226         375         210         355         222         354
         138         226         375         358         374         222         354         511         482
         137         358         374         371         373         511         482         508         478
         222         290         327         289         324         498         476         490         470
         238         371         373         327         324         508         478         476         470
         129         357         361         211         376         261         469         210         355
         129         357         359         361         378         261         352         469         496
         142         225         224         263         223         468         467         466         465
         136         224         222         512         511         467         464         463         462
         154         263         223         510         509         466         465         461         460
          39         511         508         512         507         462         423         463         195
          69         510         509         506         505         461         460         209         208
         186         243         248         245         244         459         458         457         456
         187         248         264         504         503         458         455         454         453
         189         245         244         502         247         457         456         452         451
          67         503         501         504         500         453         207         454         425
          50         499         502         498         497         444         452         433         435
         193         496         295         495         494         450         449         448         447
         208         295         356         493         499         449         446         445         444
          30         495         494         492         491         448         447          21         424
          51         493         490         491         489         445          31         424          51
           1         488         492         487         486          20          21          19          45
         139         355         485         354         353         443         442         441         440
           7         485         484         483         488         442         428         427          20
         139         354         353         482         481         441         440         439         438
           3         483         480         481         479         427          46         438          50
          33         482         481         478         479         439         438         422          50
         143         210         222         225         224         437         464         468         467
         154         223         224         509         512         465         467         460         463
          57         512         507         509         505         463         195         460         208
         185         352         243         356         245         436         459         446         457
         184         356         245         499         502         446         457         444         452
         191         502         247         497         477         452         451         435         434
          54         508         476         507         475         423         432         195         431
          58         506         505         474         473         209         208          49          30
          62         501         472         500         471         207          48         425          47
         222         498         497         476         475         433         435         432         431
          53         490         470         489         473          31          29          51          30
           1         487         486         472         471          19          45          48          47
          56         480         474         479         473          46          49          50          30
          52         478         479         470         473         422          50          29          30
          57         507         475         505         473         195         431         208          30
          55         497         477         475         473         435         434         431          30
         133         262         225         264         263         430         468         455         466
         163         264         263         503         510         455         466         453         461
          69         503         510         501         506         453         461         207         209
         140         469         484         355         485         429         428         443         442
         252         353         485         481         483         440         442         438         427
           3         488         487         483         480          20          19         427          46
         142         261         210         262         225         426         437         430         468
          62         501         506         472         474         207         209          48          49
           0         487         472         480         474          19          48          46          49
         186         262         264         243         248         430         455         459         458
         187         244         248         247         504         456         458         451         454
         191         504         500         247         477         454         425         451         434
          29         469         496         484         495         429         450         428         448
          31         484         495         488         492         428         448          20          21
          30         492         491         486         489          21         424          45          51
         185         261         262         352         243         426         430         436         459
          63         500         471         477         473         425          47         434          30
          53         486         489         471         473          45          51          47          30
         192         352         356         496         295         436         446         450         449
         209         494         295         491         493         447         449         424         445
          51         499         498         493         490         444         433         445          31
         143         210         355         222         354         437         443         464         441
         138         222         354         511         482         464         441         462         439
         137         511         482         508         478         462         439         423         422
          54         498         476         490         470         433         432          31          29
          32         508         478         476         470         423         422         432          29
         141         261         469         210         355         426         429         437         443
         128         261         352         469         496         426         436         429         450
          95         468         467         466         465          80          79          78          77
          94         467         464         463         462          79          68         206         205
          71         466         465         461         460          78          77          59          58
          39         462         423         463         195         205         186         206         194
          71         461         460         209         208          59          58         204         203
         103         459         458         457         456         111         132         114         113
          66         458         455         454         453         132         130         129         127
         117         457         456         452         451         114         113         112          99
          67         453         207         454         425         127         202         129         201
         119         444         452         433         435         200         112         199         198
          26         450         449         448         447         192         197         179         178
         107         449         446         445         444         197          88         196         200
          25         448         447          21         424         179         178          12          44
          49         445          31         424          51         196         158          44          43
          31          20          21          19          45          18          12          17          39
           6         443         442         441         440         191         164         190           5
           7         442         428         427          20         164         165           4          18
           5         441         440         439         438         190           5         189          42
           4         427          46         438          50           4          40          42          41
          35         439         438         422          50         189          42          27          41
          95         437         464         468         467          67          68          80          79
          70         465         467         460         463          77          79          58         206
          70         463         195         460         208         206         194          58         203
         103         436         459         446         457          85         111          88         114
         107         446         457         444         452          88         114         200         112
         119         452         451         435         434         112          99         198         193
          38         423         432         195         431         186          25         194         169
          59         209         208          49          30         204         203         160         168
          63         207          48         425          47         202         173         201         172
          37         433         435         432         431         199         198          25         169
          49          31          29          51          30         158          28          43         168
          21          19          45          48          47          17          39         173         172
          61          46          49          50          30          40         160          41         168
          33         422          50          29          30          27          41          28         168
          58         195         431         208          30         194         169         203         168
          55         435         434         431          30         198         193         169         168
          65         430         468         455         466         131          80         130          78
          66         455         466         453         461         130          78         127          59
          68         453         461         207         209         127          59         202         204
           6         429         428         443         442         188         165         191         164
           5         440         442         438         427           5         164          42           4
           2          20          19         427          46          18          17           4          40
          87         426         437         430         468         128          67         131          80
          60         207         209          48          49         202         204         173         160
           2          19          48          46          49          17         173          40         160
         102         430         455         459         458         131         130         111         132
         117         456         458         451         454         113         132          99         129
         116         454         425         451         434         129         201          99         193
          29         429         450         428         448         188         192         165         179
          28         428         448          20          21         165         179          18          12
          27          21         424          45          51          12          44          39          43
         102         426         430         436         459         128         131          85         111
          61         425          47         434          30         201         172         193         168
          48          45          51          47          30          39          43         172         168
         101         436         446         450         449          85          88         192         197
          27         447         449         424         445         178         197          44         196
          50         444         433         445          31         200         199         196         158
          81         437         443         464         441          67         191          68         190
          94         464         441         462         439          68         190         205         189
          35         462         439         423         422         205         189         186          27
          37         433         432          31          29         199          25         158          28
          34         423         422         432          29         186          27          25          28
          87         426         429         437         443         128         188          67         191
         101         426         436         429         450         128          85         188         192
          93          80          79          78          77          66          76          75          74
          89          79          68         206         205          76          65          73         187
          79          78          77          59          58          75          74          57          56
          89         205         186         206         194         187         185          73         184
          74          59          58         204         203          57          56         183         182
         123         111         132         114         113         110         109         108         100
         121         132         130         129         127         109         126          93         125
         118         114         113         112          99         108         100         107          98
         127         127         202         129         201         125         124          93          92
         115         200         112         199         198         106         107         181         180
         111         192         197         179         178          87         177         176         175
         106         197          88         196         200         177          86         174         106
          25         179         178          12          44         176         175          11          10
          19         196         158          44          43         174         157          10          36
          20          18          12          17          39          16          11          15           9
           9         191         164         190           5         162         161         156         146
          11         164         165           4          18         161         163           3          16
           9         190           5         189          42         156         146         155          38
          15           4          40          42          41           3          35          38          37
          43         189          42          27          41         155          38          26          37
          92          67          68          80          79          64          65          66          76
          79          77          79          58         206          74          76          56          73
          77         206         194          58         203          73         184          56         182
         100          85         111          88         114          84         110          86         108
         106          88         114         200         112          86         108         106         107
         118         112          99         198         193         107          98         180          97
          38         186          25         194         169         185         138         184         167
          59         204         203         160         168         183         182         159         166
         127         202         173         201         172         124         171          92         170
          45         199         198          25         169         181         180         138         167
          47         158          28          43         168         157          24          36         166
          21          17          39         173         172          15           9         171         170
          43          40         160          41         168          35         159          37         166
          42          27          41          28         168          26          37          24         166
          44         194         169         203         168         184         167         182         166
         113         198         193         169         168         180          97         167         166
          85         131          80         130          78         123          66         126          75
          65         130          78         127          59         126          75         125          57
          64         127          59         202         204         125          57         124         183
          80         188         165         191         164         122         163         162         161
          11           5         164          42           4         146         161          38           3
          15          18          17           4          40          16          15           3          35
          86         128          67         131          80         121          64         123          66
          74         202         204         173         160         124         183         171         159
          14          17         173          40         160          15         171          35         159
          97         131         130         111         132         123         126         110         109
         121         113         132          99         129         100         109          98          93
         120         129         201          99         193          93          92          98          97
         111         188         192         165         179         122          87         163         176
          24         165         179          18          12         163         176          16          11
          19          12          44          39          43          11          10           9          36
          98         128         131          85         111         121         123          84         110
         126         201         172         193         168          92         170          97         166
          22          39          43         172         168           9          36         170         166
         109          85          88         192         197          84          86          87         177
          26         178         197          44         196         175         177          10         174
         105         200         199         196         158         106         181         174         157
          81          67         191          68         190          64         162          65         156
          91          68         190         205         189          65         156         187         155
          34         205         189         186          27         187         155         185          26
          47         199          25         158          28         181         138         157          24
          36         186          27          25          28         185          26         138          24
          86         128         188          67         191         121         122          64         162
          98         128          85         188         192         121          84         122          87
          93          66          76          75          74          63          72          71          70
          90          76          65          73         187          72          62          69         154
          78          75          74          57          56          71          70          55          54
          88         187         185          73         184         154         153          69         152
          73          57          56         183         182          55          54          52          53
         123         110         109         108         100         105         104         103          96
         122         109         126          93         125         104         120          91         119
         114         108         100         107          98         103          96         102          95
         125         125         124          93          92         119         118          91          90
         115         106         107         181         180         101         102         151          89
         110          87         177         176         175          83         150         149         148
         108         177          86         174         106         150          82         147         101
          17         176         175          11          10         149         148           8           6
          18         174         157          10          36         147         134           6          32
          23          16          11          15           9          14           8          13           7
          83         162         161         156         146          60         145         144         143
          10         161         163           3          16         145         135           2          14
           8         156         146         155          38         144         143         133          34
          13           3          35          38          37           2           1          34          33
          41         155          38          26          37         133          34          22          33
          90          64          65          66          76          61          62          63          72
          78          74          76          56          73          70          72          54          69
          77          73         184          56         182          69         152          54          53
          99          84         110          86         108          81         105          82         103
         104          86         108         106         107          82         103         101         102
         114         107          98         180          97         102          95          89          94
          45         185         138         184         167         153         137         152         136
          75         183         182         159         166          52          53         142         141
         126         124         171          92         170         118         140          90         139
         112         181         180         138         167         151          89         137         136
          46         157          24          36         166         134          23          32         141
          23          15           9         171         170          13           7         140         139
          13          35         159          37         166           1         142          33         141
          42          26          37          24         166          22          33          23         141
          76         184         167         182         166         152         136          53         141
         113         180          97         167         166          89          94         136         141
          85         123          66         126          75         117          63         120          71
          72         126          75         125          57         120          71         119          55
          73         125          57         124         183         119          55         118          52
          83         122         163         162         161         116         135          60         145
          10         146         161          38           3         143         145          34           2
          14          16          15           3          35          14          13           2           1
          84         121          64         123          66         115          61         117          63
          75         124         183         171         159         118          52         140         142
          12          15         171          35         159          13         140           1         142
          97         123         126         110         109         117         120         105         104
         122         100         109          98          93          96         104          95          91
         125          93          92          98          97          91          90          95          94
         110         122          87         163         176         116          83         135         149
          16         163         176          16          11         135         149          14           8
          17          11          10           9          36           8           6           7          32
          96         121         123          84         110         115         117          81         105
         124          92         170          97         166          90         139          94         141
          22           9          36         170         166           7          32         139         141
         109          84          86          87         177          81          82          83         150
          18         175         177          10         174         148         150           6         147
         105         106         181         174         157         101         151         147         134
          82          64         162          65         156          61          60          62         144
          91          65         156         187         155          62         144         154         133
          41         187         155         185          26         154         133         153          22
          46         181         138         157          24         151         137         134          23
          40         185          26         138          24         153          22         137          23
          82         121         122          64         162         115         116          61          60
          99         121          84         122          87         115          81         116          83
