         140         160           7         128        1120         160           0
         117          87         103         102         101          85         100          99          98
         102         101         103          74          89          98         100          75          88
         103         102         101          96          74          99          98          94          75
         100          89          76          74          77          88         132          75         131
         101          96          74          78          77          94          75         130         131
         127          87         102          86          81          85          99          84          82
         126          81         102          97          96          82          99          95          94
         127          86          81          93          97          84          82         129          95
         104          96          78          97          77          94         130          95         131
         109          93          97          76          77         129          95         132         131
         114          87          86          79          83          85          84         128         127
         122          83          86          92          93         127          84         126         129
         115          79          83          91          92         128         127         125         126
         106          93          76          92          77         129         132         126         131
         107          91          92          78          77         125         126         130         131
         112          87          79         103          80          85         128         100         124
         113          80          79          90          91         124         128         123         125
         119         103          80          89          90         100         124          88         123
         105          91          78          90          77         125         130         123         131
         108          89          90          76          77          88         123         132         131
         116          85         100          99          98         122         121         120         119
          98          98         100          75          88         119         121         118         117
          99          99          98          94          75         120         119         116         118
          96          88         132          75         131         117         115         118         114
          97          94          75         130         131         116         118         113         114
         125          85          99          84          82         122         120         112         111
         124          82          99          95          94         111         120         110         116
         123          84          82         129          95         112         111         109         110
         111          94         130          95         131         116         113         110         114
         111         129          95         132         131         109         110         115         114
         120          85          84         128         127         122         112         108         107
         121         127          84         126         129         107         112         106         109
          70         128         127         125         126         108         107          67         106
          71         129         132         126         131         109         115         106         114
          68         125         126         130         131          67         106         113         114
         118          85         128         100         124         122         108         121         105
          66         124         128         123         125         105         108         104          67
         119         100         124          88         123         121         105         117         104
          69         125         130         123         131          67         113         104         114
         110          88         123         132         131         117         104         115         114
          95         122         121         120         119         160         159         158         157
          95         119         121         118         117         157         159         156         155
          91         120         119         116         118         158         157         154         156
          93         117         115         118         114         155         153         156         152
          90         116         118         113         114         154         156         151         152
          83         122         120         112         111         160         158         150         149
          89         111         120         110         116         149         158         148         154
          82         112         111         109         110         150         149         147         148
          88         116         113         110         114         154         151         148         152
          79         109         110         115         114         147         148         153         152
          85         122         112         108         107         160         150          73          72
          81         107         112         106         109          72         150          71         147
          67         108         107          67         106          73          72          68          71
          79         109         115         106         114         147         153          71         152
          75          67         106         113         114          68          71         151         152
          87         122         108         121         105         160          73         159          70
          64         105         108         104          67          70          73          69          68
          94         121         105         117         104         159          70         155          69
          65          67         113         104         114          68         151          69         152
          78         117         104         115         114         155          69         153         152
          47         160         159         158         157         146         136          37          36
          39         157         159         156         155          36         136          35         133
          59         158         157         154         156          37          36          32          35
          63         155         153         156         152         133         139          35         138
          58         154         156         151         152          32          35         137         138
          46         160         158         150         149         146          37         145          34
          57         149         158         148         154          34          37          33          32
          42         150         149         147         148         145          34         141          33
          56         154         151         148         152          32         137          33         138
          62         147         148         153         152         141          33         139         138
          84         160         150          73          72         146         145         144         143
          80          72         150          71         147         143         145         142         141
          73          73          72          68          71         144         143         140         142
          76         147         153          71         152         141         139         142         138
          72          68          71         151         152         140         142         137         138
          87         160          73         159          70         146         144         136         135
          86          70          73          69          68         135         144         134         140
          92         159          70         155          69         136         135         133         134
          74          68         151          69         152         140         137         134         138
          77         155          69         153         152         133         134         139         138
          47         146         136          37          36          66          65          64          63
          38          36         136          35         133          63          65          62          61
          50          37          36          32          35          64          63          31          62
          63         133         139          35         138          61          60          62          59
          51          32          35         137         138          31          62          58          59
          43         146          37         145          34          66          64          57          56
          48          34          37          33          32          56          64          55          31
          40         145          34         141          33          57          56          54          55
          55          32         137          33         138          31          58          55          59
          61         141          33         139         138          54          55          60          59
          45         146         145         144         143          66          57          53          52
          41         143         145         142         141          52          57          51          54
          35         144         143         140         142          53          52          50          51
          60         141         139         142         138          54          60          51          59
          34         140         142         137         138          50          51          58          59
          44         146         144         136         135          66          53          65          49
          33         135         144         134         140          49          53          48          50
          37         136         135         133         134          65          49          61          48
          32         140         137         134         138          50          58          48          59
          36         133         134         139         138          61          48          60          59
           1          66          65          64          63           9          30          47          46
          19          63          65          62          61          46          30          44          29
          49          64          63          31          62          47          46          45          44
          18          61          60          62          59          29          38          44          42
          54          31          62          58          59          45          44          43          42
          11          66          64          57          56           9          47           8          41
          53          56          64          55          31          41          47          40          45
          10          57          56          54          55           8          41          39          40
          55          31          58          55          59          45          43          40          42
          52          54          55          60          59          39          40          38          42
          15          66          57          53          52           9           8          25           4
           9          52          57          51          54           4           8          28          39
          15          53          52          50          51          25           4          27          28
          26          54          60          51          59          39          38          28          42
          27          50          51          58          59          27          28          43          42
           0          66          53          65          49           9          25          30          26
          23          49          53          48          50          26          25          12          27
          17          65          49          61          48          30          26          29          12
          22          50          58          48          59          27          43          12          42
          16          61          48          60          59          29          12          38          42
           6           9          30          47          46           5          15           1           2
           3          46          30          44          29           2          15          23          24
           7          47          46          45          44           1           2          22          23
          31          29          38          44          42          24          14          23          13
          31          45          44          43          42          22          23          10          13
           4           9          47           8          41           5           1           7           6
           5          41          47          40          45           6           1          21          22
           8           8          41          39          40           7           6          20          21
          30          45          43          40          42          22          10          21          13
          24          39          40          38          42          20          21          14          13
          13           9           8          25           4           5           7          16           3
          12           4           8          28          39           3           7          19          20
          14          25           4          27          28          16           3          18          19
          25          39          38          28          42          20          14          19          13
          29          27          28          43          42          18          19          10          13
           2           9          25          30          26           5          16          15          17
          23          26          25          12          27          17          16          11          18
          21          30          26          29          12          15          17          24          11
          28          27          43          12          42          18          10          11          13
          20          29          12          38          42          24          11          14          13
