          24          24           4          16          96          24           0
          15          24          23          14          10
          14          10          23          11          22
          15          14          10          13          11
          13          11          21          13          20
          13          11          12          21          19
          12          22          18          11          12
          11          24          14          17           8
          10           8          14           9          13
          11          17           8          16           9
           9           9          12          16          18
           9           9          15          12          19
           8          13          20           9          15
           7          24          17           7           3
           6           3          17           4          16
           7           7           3           6           4
           5           4          15           6          20
           5           4           5          15          19
           4          16          18           4           5
           3          24           7          23           1
           2           1           7           2           6
           3          23           1          22           2
           1           2           5          22          18
           1           2          21           5          19
           0           6          20           2          21
