          48          48           5          32         192          48           0
          31          28          23          27          20
          27          23          22          21          19
          29          27          20          26          25
          27          19          48          21          47
          19          16          26          46          45
          21          44          18          43          42
          23          18          15          17          16
           9          43          42          32          40
          17          17          41          40          39
          11           5          32          48          47
          15          14           9          13           6
          10           9           8           7           5
          13          13           6          12          11
          11           5          48           7          34
           7          12          11          41          39
           3          29           2          38          37
           1           2           1           3           4
          25          38          37          36          35
           6           4          46           3          45
          26          19          36          48          34
          22          24          28          15          27
          23          15          27          16          26
          18          26          25          45          39
           3          10           1          29           2
           5          37           2          35           3
           5           3          45          35          39
          21          24          15          44          18
          16          42          18          40          17
          19          16          46          17          41
           0          10          14           1          13
           1           1          13           4          12
           7           4          12          46          41
          31          33          22          28          23
          29          20          23          25          21
          28          21          47          25          39
           8          30          44           8          43
           9           8          43           5          32
          17          32          40          47          39
          30          31          33          24          28
          20          31          24          30          44
          15          30           8          14           9
          13           6           9          11           7
          12           7          34          11          39
          24          33          29          22          38
          25          22          38          19          36
           4          36          35          34          39
           2          31          10          33          29
          14          31          30          10          14
